> bin/zopectl debug

u=debugger.root().getSiteManager() 


aa=list(u.items())[0][1]
import pprint
pprint.pprint(list(aa.items()))

>>> del aa[u'NotifierJabber']



utilities=list(u.registeredUtilities())

pprint.pprint([x.provided.getName() for x in utilities])

>>> print [x.provided.getName() for x in utilities] 
['IAdmUtilDemo1', 'IAdmUtilLinuxHa', 'IAdmUtilCompliance', 'IAdmUtilTicker', 'IAdmUtilGraphviz', 'IIntIds', 'INotifierJabber', 'IAdmUtilGeneratorNagios', 'ICatalog', 'IPrincipalAnnotationUtility', 'INotifierUtil', 'IAdmUtilSimple1', 'IAdmUtilSupervisor', 'INetScan', 'IAdmUtilObjMQ', 'IAdmUtilUserManagement', 'IAdmUtilCron', 'IAdmUtilNMap', 'IClientIdManager', 'IAdmUtilSnmpd', 'ISessionDataContainer', 'IAdmUtilPublicViewing', 'IAdmUtilWFMC', 'IUtilManager', 'INotifierEmail', 'IAdmUtilEventCrossbar', 'IAdmUtilGeneratorSmokePing', 'IAdmUtilCategories', 'IErrorReportingUtility']
>>> utilities[24] 
UtilityRegistration(<LocalSiteManager ++etc++site>, INotifierEmail, 'Notifier:Email', NotifierEmail, u'')
>>> util=utilities[24] 
>>> util.provided.getName() 
'INotifierEmail'
>>> u.unregisterUtility(util.component,util.provided,util.name) 
True
>>> del util
>>> utilities=list(u.registeredUtilities())
>>> print [x.provided.getName() for x in utilities] 
['IAdmUtilDemo1', 'IAdmUtilLinuxHa', 'IAdmUtilCompliance', 'IAdmUtilTicker', 'IAdmUtilGraphviz', 'IIntIds', 'INotifierJabber', 'IAdmUtilGeneratorNagios', 'ICatalog', 'IPrincipalAnnotationUtility', 'INotifierUtil', 'IAdmUtilSimple1', 'IAdmUtilSupervisor', 'INetScan', 'IAdmUtilObjMQ', 'IAdmUtilUserManagement', 'IAdmUtilCron', 'IAdmUtilNMap', 'IClientIdManager', 'IAdmUtilSnmpd', 'ISessionDataContainer', 'IAdmUtilPublicViewing', 'IAdmUtilWFMC', 'IUtilManager', 'IAdmUtilEventCrossbar', 'IAdmUtilGeneratorSmokePing', 'IAdmUtilCategories', 'IErrorReportingUtility']
>>> import transaction 
>>> transaction.commit()
